1790425732738	geckodriver	INFO	Listening on 127.0.0.1:62280
1790425735829	mozrunner::runner	INFO	Running command: "C:\\Program Files\\Mozilla Firefox\\firefox.exe" "--marionette" "--remote-debugging-port" "62281" "--remote-allow-hosts" "localhost" "-no-remote" "-profile" "C:\\Users\\ADMIN\\AppData\\Local\\Temp\\rust_mozprofilenIzJD2"
Dynamically enable window occlusion 0
1790425736259	Marionette	INFO	Marionette enabled
1790425736368	Marionette	INFO	Listening on port 62288
WebDriver BiDi listening on ws://127.0.0.1:62281
Read port: 62288
1790425736542	RemoteAgent	WARN	TLS certificate errors will be ignored for this session
console.warn: RSLoader: Recipe new-tab-157020260831183837-to-release-155-addondeployment not returned from collection nimbus-secure-experiments because it does not contain at least one required feature ID.
console.warn: RSLoader: Recipe new-tab-158020260913220257-to-release-156 not returned from collection nimbus-secure-experiments because it does not contain at least one required feature ID.
console.warn: RSLoader: Recipe new-tab-158120260920214645-to-release-156 not returned from collection nimbus-secure-experiments because it does not contain at least one required feature ID.
console.error: "Experiment desktop-release-rollout-show-relay-to-all-browsers-next-sign-up-modal-cta has unknown featureId: email-autocomplete-relay"
console.error: "Experiment visual-card-updates has unknown featureId: newtabRefinedCardsLayout"
console.error: "Experiment enable-nimbus-unenrollment-synchronization has unknown featureId: nimbusStore"
console.error: "Experiment private-window-visual-refresh-design-change-only has unknown featureId: feltPrivacy"
console.warn: LoginRecipes: "Falling back to a synchronous message for: https://opensource-demo.orangehrmlive.com."
console.warn: LoginRecipes: "Falling back to a synchronous message for: https://opensource-demo.orangehrmlive.com."
[WARN  glean_core::upload] Attempted to enqueue a duplicate ping 533762a2-0819-44e6-81a8-47b29cd70f3e at /submit/firefox-crashreporter/deletion-request/1/533762a2-0819-44e6-81a8-47b29cd70f3e.
1790428278998	Marionette	INFO	Stopped listening on port 62288
Dynamically enable window occlusion 1
