1790425675026	geckodriver	INFO	Listening on 127.0.0.1:62203
1790425678123	mozrunner::runner	INFO	Running command: "C:\\Program Files\\Mozilla Firefox\\firefox.exe" "--marionette" "--remote-debugging-port" "62204" "--remote-allow-hosts" "localhost" "-no-remote" "-profile" "C:\\Users\\ADMIN\\AppData\\Local\\Temp\\rust_mozprofileryN3Ns"
Dynamically enable window occlusion 0
1790425678587	Marionette	INFO	Marionette enabled
1790425678697	Marionette	INFO	Listening on port 62213
WebDriver BiDi listening on ws://127.0.0.1:62204
Read port: 62213
1790425678838	RemoteAgent	WARN	TLS certificate errors will be ignored for this session
console.warn: RSLoader: Recipe new-tab-157020260831183837-to-release-155-addondeployment not returned from collection nimbus-secure-experiments because it does not contain at least one required feature ID.
console.warn: RSLoader: Recipe new-tab-158020260913220257-to-release-156 not returned from collection nimbus-secure-experiments because it does not contain at least one required feature ID.
console.warn: RSLoader: Recipe new-tab-158120260920214645-to-release-156 not returned from collection nimbus-secure-experiments because it does not contain at least one required feature ID.
console.error: "Experiment desktop-release-rollout-show-relay-to-all-browsers-next-sign-up-modal-cta has unknown featureId: email-autocomplete-relay"
console.error: "Experiment visual-card-updates has unknown featureId: newtabRefinedCardsLayout"
console.error: "Experiment enable-nimbus-unenrollment-synchronization has unknown featureId: nimbusStore"
console.error: "Experiment private-window-visual-refresh-design-change-only has unknown featureId: feltPrivacy"
console.warn: LoginRecipes: "Falling back to a synchronous message for: https://opensource-demo.orangehrmlive.com."
console.warn: LoginRecipes: "Falling back to a synchronous message for: https://opensource-demo.orangehrmlive.com."
1790425686001	Marionette	INFO	Stopped listening on port 62213
JavaScript warning: https://opensource-demo.orangehrmlive.com/web/dist/js/chunk-vendors.js?v=1783336755185, line 115: Script terminated by timeout at:
5644/e.resolveLocale@https://opensource-demo.orangehrmlive.com/web/dist/js/chunk-vendors.js?v=1783336755185:115:59997
e@https://opensource-demo.orangehrmlive.com/web/dist/js/chunk-vendors.js?v=1783336755185:115:59240
5160/Te/init/</<@https://opensource-demo.orangehrmlive.com/web/dist/js/app.js?v=1783336755185:1:17828

Dynamically enable window occlusion 1
JavaScript error: resource://gre/modules/UrlClassifierListManager.sys.mjs, line 465: NS_ERROR_NOT_INITIALIZED: Component returned failure code: 0xc1f30001 (NS_ERROR_NOT_INITIALIZED) [nsIUrlClassifierDBService.getTables]
