1790426720824	geckodriver	INFO	Listening on 127.0.0.1:62451
1790426723890	mozrunner::runner	INFO	Running command: "C:\\Program Files\\Mozilla Firefox\\firefox.exe" "--marionette" "--remote-debugging-port" "62452" "--remote-allow-hosts" "localhost" "-no-remote" "-profile" "C:\\Users\\ADMIN\\AppData\\Local\\Temp\\rust_mozprofilevLweHn"
Dynamically enable window occlusion 0
1790426724310	Marionette	INFO	Marionette enabled
1790426724416	Marionette	INFO	Listening on port 62459
WebDriver BiDi listening on ws://127.0.0.1:62452
Read port: 62459
1790426724596	RemoteAgent	WARN	TLS certificate errors will be ignored for this session
console.warn: RSLoader: Recipe new-tab-157020260831183837-to-release-155-addondeployment not returned from collection nimbus-secure-experiments because it does not contain at least one required feature ID.
console.warn: RSLoader: Recipe new-tab-158020260913220257-to-release-156 not returned from collection nimbus-secure-experiments because it does not contain at least one required feature ID.
console.warn: RSLoader: Recipe new-tab-158120260920214645-to-release-156 not returned from collection nimbus-secure-experiments because it does not contain at least one required feature ID.
console.error: "Experiment desktop-release-rollout-show-relay-to-all-browsers-next-sign-up-modal-cta has unknown featureId: email-autocomplete-relay"
console.error: "Experiment visual-card-updates has unknown featureId: newtabRefinedCardsLayout"
console.error: "Experiment enable-nimbus-unenrollment-synchronization has unknown featureId: nimbusStore"
console.error: "Experiment private-window-visual-refresh-design-change-only has unknown featureId: feltPrivacy"
console.warn: LoginRecipes: "Falling back to a synchronous message for: https://opensource-demo.orangehrmlive.com."
console.warn: LoginRecipes: "Falling back to a synchronous message for: https://opensource-demo.orangehrmlive.com."
1790426731330	Marionette	INFO	Stopped listening on port 62459
Dynamically enable window occlusion 1
JavaScript error: resource://gre/modules/UrlClassifierListManager.sys.mjs, line 465: NS_ERROR_NOT_INITIALIZED: Component returned failure code: 0xc1f30001 (NS_ERROR_NOT_INITIALIZED) [nsIUrlClassifierDBService.getTables]
